// Jest Snapshot v1, https://goo.gl/fbAQLP

exports[`rendering... renders correctly 1`] = `
<View
  style={
    Object {
      "padding": 16,
    }
  }
>
  <View
    style={
      Object {
        "flexDirection": "row",
      }
    }
  >
    <Text
      numberOfLines={1}
      style={
        Array [
          Array [
            Object {
              "fontFamily": "Inter-Regular",
            },
            Object {
              "color": "#111827",
            },
            Object {
              "lineHeight": undefined,
            },
            Array [
              Object {
                "paddingBottom": 6,
              },
              Object {
                "color": "#111827",
              },
            ],
          ],
          Object {
            "fontFamily": "Inter-Regular",
          },
        ]
      }
    >
      EMAIL
    </Text>
    <View
      style={
        Object {
          "flex": 1,
        }
      }
    />
  </View>
  <View
    style={
      Array [
        Object {
          "alignItems": "stretch",
          "borderRadius": 6,
          "borderStyle": "solid",
          "color": "#666666",
          "flex": 1,
          "flexDirection": "row",
          "justifyContent": "center",
        },
        undefined,
      ]
    }
  >
    <TextInput
      allowFontScaling={true}
      autoCapitalize="none"
      editable={true}
      keyboardType="email-address"
      multiline={false}
      onBlur={[Function]}
      onChangeText={[Function]}
      placeholder="Enter your email address"
      placeholderTextColor="#979797"
      rejectResponderTermination={true}
      secureTextEntry={false}
      style={
        Array [
          Object {
            "color": "#666666",
            "flex": 1,
            "fontFamily": "Inter-Regular",
            "fontSize": 25,
            "paddingBottom": 10,
            "paddingHorizontal": 12,
            "paddingTop": 10,
            "textAlignVertical": "top",
          },
          undefined,
          Object {},
        ]
      }
      testID="emailField"
      textAlignVertical="center"
      textContentType="emailAddress"
      underlineColorAndroid="transparent"
      value=""
    />
  </View>
  <View
    style={
      Object {
        "padding": 8,
      }
    }
  />
  <View
    style={
      Object {
        "flexDirection": "row",
      }
    }
  >
    <Text
      numberOfLines={1}
      style={
        Array [
          Array [
            Object {
              "fontFamily": "Inter-Regular",
            },
            Object {
              "color": "#111827",
            },
            Object {
              "lineHeight": undefined,
            },
            Array [
              Object {
                "paddingBottom": 6,
              },
              Object {
                "color": "#111827",
              },
            ],
          ],
          Object {
            "fontFamily": "Inter-Regular",
          },
        ]
      }
    >
      PASSWORD
    </Text>
    <View
      style={
        Object {
          "flex": 1,
        }
      }
    />
  </View>
  <View
    style={
      Array [
        Object {
          "alignItems": "stretch",
          "borderRadius": 6,
          "borderStyle": "solid",
          "color": "#666666",
          "flex": 1,
          "flexDirection": "row",
          "justifyContent": "center",
        },
        undefined,
      ]
    }
  >
    <TextInput
      allowFontScaling={true}
      editable={true}
      multiline={false}
      onBlur={[Function]}
      onChangeText={[Function]}
      placeholder="Enter your password"
      placeholderTextColor="#979797"
      rejectResponderTermination={true}
      secureTextEntry={true}
      style={
        Array [
          Object {
            "color": "#666666",
            "flex": 1,
            "fontFamily": "Inter-Regular",
            "fontSize": 25,
            "paddingBottom": 10,
            "paddingHorizontal": 12,
            "paddingTop": 10,
            "textAlignVertical": "top",
          },
          undefined,
          Object {},
        ]
      }
      testID="passwordField"
      textAlignVertical="center"
      textContentType="password"
      underlineColorAndroid="transparent"
      value=""
    />
  </View>
  <View
    style={
      Object {
        "padding": 8,
      }
    }
  />
  <View
    accessible={true}
    focusable={true}
    onClick={[Function]}
    onResponderGrant={[Function]}
    onResponderMove={[Function]}
    onResponderRelease={[Function]}
    onResponderTerminate={[Function]}
    onResponderTerminationRequest={[Function]}
    onStartShouldSetResponder={[Function]}
    style={
      Object {
        "alignItems": "center",
        "alignSelf": "center",
        "backgroundColor": "#FFFFFF",
        "borderRadius": 6,
        "elevation": 1,
        "flexDirection": "row",
        "height": 44,
        "justifyContent": "space-between",
        "opacity": 1,
        "shadowColor": "#FFFFFF",
        "shadowOffset": Object {
          "height": 3,
          "width": 0,
        },
        "shadowOpacity": 0.15,
        "shadowRadius": 3,
        "width": "100%",
      }
    }
  >
    <View
      style={
        Object {
          "alignItems": "center",
          "flexDirection": "row",
          "padding": 8,
        }
      }
      testID="button-container"
    >
      <View
        style={
          Array [
            Object {
              "alignItems": "center",
              "flexDirection": "row",
              "justifyContent": "center",
            },
            Object {
              "flex": 1,
            },
            undefined,
          ]
        }
      >
        <Text
          numberOfLines={1}
          style={
            Array [
              Array [
                Object {
                  "fontFamily": "Inter-Regular",
                },
                Object {
                  "color": "#111827",
                },
                Object {
                  "lineHeight": 42,
                },
                Array [
                  Object {
                    "fontSize": 28,
                    "overflow": "hidden",
                  },
                  Object {
                    "color": "#00694e",
                  },
                  undefined,
                ],
              ],
              Object {
                "fontFamily": "Inter-Regular",
              },
            ]
          }
        >
          Submit
        </Text>
      </View>
    </View>
  </View>
</View>
`;
