// Jest Snapshot v1, https://goo.gl/fbAQLP

exports[`Snapshot testing 1`] = `
<View
  testID="HEADING_WITH_TEXT"
>
  <Text
    numberOfLines={1}
    style={
      Array [
        Array [
          Object {
            "fontFamily": "Inter-Regular",
          },
          Object {
            "color": "#111827",
          },
          Object {
            "lineHeight": 8.5,
          },
          Array [
            Object {
              "fontSize": 5.5,
            },
            undefined,
          ],
        ],
        Object {
          "fontFamily": "Inter-Regular",
        },
      ]
    }
  >
    Lorem Ipsum
  </Text>
  <Text
    numberOfLines={0}
    style={
      Array [
        Array [
          Object {
            "fontFamily": "Inter-Regular",
          },
          Object {
            "color": "#111827",
          },
          Object {
            "lineHeight": 7,
          },
          Array [
            Object {
              "fontSize": 5,
            },
            undefined,
          ],
        ],
        Object {
          "fontFamily": "Inter-Regular",
        },
      ]
    }
  >
    Lipsum as it is sometimes known, is dummy text used in laying out print.
  </Text>
</View>
`;
