// Jest Snapshot v1, https://goo.gl/fbAQLP

exports[`Segmented control tests snapshot 1`] = `
<View
  onLayout={[Function]}
  style={
    Array [
      Object {
        "alignItems": "center",
        "borderRadius": 5,
        "borderStyle": "solid",
        "flexDirection": "row",
        "overflow": "hidden",
      },
      Object {
        "backgroundColor": "#FFFFFF",
      },
      undefined,
    ]
  }
>
  <View
    style={
      Object {
        "backgroundColor": "#52525B",
        "borderBottomLeftRadius": 0,
        "borderBottomRightRadius": 0,
        "borderColor": "#52525B",
        "borderTopLeftRadius": 0,
        "borderTopRightRadius": 0,
        "borderWidth": 0.5,
        "height": 40,
        "position": "absolute",
        "transform": Array [
          Object {
            "translateX": 0,
          },
        ],
        "width": 0,
      }
    }
    testID="animatedView"
  />
  <View
    style={
      Object {
        "alignItems": "center",
        "backgroundColor": "transparent",
        "flex": 1,
        "flexDirection": "row",
        "justifyContent": "space-around",
      }
    }
  >
    <View
      accessible={true}
      focusable={true}
      onClick={[Function]}
      onResponderGrant={[Function]}
      onResponderMove={[Function]}
      onResponderRelease={[Function]}
      onResponderTerminate={[Function]}
      onResponderTerminationRequest={[Function]}
      onStartShouldSetResponder={[Function]}
      style={
        Object {
          "alignContent": "center",
          "alignItems": "center",
          "borderBottomLeftRadius": 5,
          "borderBottomRightRadius": 0,
          "borderColor": "#3F3F46",
          "borderTopLeftRadius": 5,
          "borderTopRightRadius": 0,
          "borderWidth": 0.5,
          "flex": 1,
          "height": 40,
          "justifyContent": "center",
          "opacity": 1,
        }
      }
    >
      <Text
        numberOfLines={1}
        shouldNotOptimize={true}
        style={
          Array [
            Array [
              Object {
                "fontFamily": "Inter-Regular",
              },
              Object {
                "color": "#111827",
              },
              Array [
                Object {
                  "fontSize": 13,
                },
                Array [
                  Object {
                    "color": "#6B7280",
                  },
                ],
              ],
            ],
            Object {
              "fontFamily": "Inter-SemiBold",
            },
          ]
        }
      >
        Label 1
      </Text>
    </View>
    <View
      accessible={true}
      focusable={true}
      onClick={[Function]}
      onResponderGrant={[Function]}
      onResponderMove={[Function]}
      onResponderRelease={[Function]}
      onResponderTerminate={[Function]}
      onResponderTerminationRequest={[Function]}
      onStartShouldSetResponder={[Function]}
      style={
        Object {
          "alignContent": "center",
          "alignItems": "center",
          "borderBottomLeftRadius": 0,
          "borderBottomRightRadius": 0,
          "borderColor": "#3F3F46",
          "borderTopLeftRadius": 0,
          "borderTopRightRadius": 0,
          "borderWidth": 0.5,
          "flex": 1,
          "height": 40,
          "justifyContent": "center",
          "opacity": 1,
        }
      }
    >
      <Text
        numberOfLines={1}
        shouldNotOptimize={true}
        style={
          Array [
            Array [
              Object {
                "fontFamily": "Inter-Regular",
              },
              Object {
                "color": "#111827",
              },
              Array [
                Object {
                  "fontSize": 13,
                },
                Array [
                  Object {
                    "color": "#FFFFFF",
                  },
                ],
              ],
            ],
            Object {
              "fontFamily": "Inter-SemiBold",
            },
          ]
        }
      >
        Label 2
      </Text>
    </View>
    <View
      accessible={true}
      focusable={true}
      onClick={[Function]}
      onResponderGrant={[Function]}
      onResponderMove={[Function]}
      onResponderRelease={[Function]}
      onResponderTerminate={[Function]}
      onResponderTerminationRequest={[Function]}
      onStartShouldSetResponder={[Function]}
      style={
        Object {
          "alignContent": "center",
          "alignItems": "center",
          "borderBottomLeftRadius": 0,
          "borderBottomRightRadius": 5,
          "borderColor": "#3F3F46",
          "borderTopLeftRadius": 0,
          "borderTopRightRadius": 5,
          "borderWidth": 0.5,
          "flex": 1,
          "height": 40,
          "justifyContent": "center",
          "opacity": 1,
        }
      }
    >
      <Text
        numberOfLines={1}
        shouldNotOptimize={true}
        style={
          Array [
            Array [
              Object {
                "fontFamily": "Inter-Regular",
              },
              Object {
                "color": "#111827",
              },
              Array [
                Object {
                  "fontSize": 13,
                },
                Array [
                  Object {
                    "color": "#6B7280",
                  },
                ],
              ],
            ],
            Object {
              "fontFamily": "Inter-SemiBold",
            },
          ]
        }
      >
        Label 3
      </Text>
    </View>
  </View>
</View>
`;
