// Jest Snapshot v1, https://goo.gl/fbAQLP

exports[`Snapshot testing 1`] = `
<View
  testID="SPANNABLE_TEXT"
>
  <Text>
    <Text
      numberOfLines={1}
      style={
        Array [
          Array [
            Object {
              "fontFamily": "Inter-Regular",
            },
            Object {
              "color": "#111827",
            },
            Object {
              "lineHeight": 42,
            },
            Object {
              "fontWeight": "normal",
            },
          ],
          Object {
            "fontFamily": "Inter-Regular",
          },
        ]
      }
    >
      Male
    </Text>
    <Text
      numberOfLines={1}
      style={
        Array [
          Array [
            Object {
              "fontFamily": "Inter-Regular",
            },
            Object {
              "color": "#111827",
            },
            Object {
              "lineHeight": 42,
            },
            Object {
              "fontWeight": "bold",
            },
          ],
          Object {
            "fontFamily": "Inter-Regular",
          },
        ]
      }
    >
      Female
    </Text>
    <Text
      numberOfLines={1}
      style={
        Array [
          Array [
            Object {
              "fontFamily": "Inter-Regular",
            },
            Object {
              "color": "#111827",
            },
            Object {
              "lineHeight": 42,
            },
            Object {
              "fontWeight": "normal",
            },
          ],
          Object {
            "fontFamily": "Inter-Regular",
          },
        ]
      }
    >
      Others
    </Text>
  </Text>
</View>
`;
