// Jest Snapshot v1, https://goo.gl/fbAQLP

exports[`snapshot testing 1`] = `
<View
  style={
    Array [
      Object {
        "alignItems": "center",
        "elevation": 3,
        "height": 60.466019417475735,
        "justifyContent": "center",
        "shadowOffset": Object {
          "height": 3,
          "width": 0,
        },
        "shadowOpacity": 0.15,
        "shadowRadius": 3,
        "width": 60.466019417475735,
      },
      Object {
        "backgroundColor": "#E5E7EB",
        "shadowColor": "#E5E7EB",
      },
      Object {
        "borderRadius": 50,
      },
      undefined,
    ]
  }
/>
`;
