// Jest Snapshot v1, https://goo.gl/fbAQLP

exports[`snapshot testing 1`] = `
<View
  style={
    Array [
      Object {
        "alignItems": "center",
        "height": 60.466019417475735,
        "justifyContent": "center",
        "width": 60.466019417475735,
      },
      Object {
        "backgroundColor": "#E5E7EB",
        "shadowColor": "#E5E7EB",
      },
      Object {
        "borderRadius": 50,
      },
      undefined,
    ]
  }
>
  20
</View>
`;
