// Jest Snapshot v1, https://goo.gl/fbAQLP

exports[`Snapshot testing 1`] = `
<View
  style={
    Array [
      Object {
        "alignItems": "center",
        "borderRadius": 10,
        "flexDirection": "row",
        "justifyContent": "center",
        "paddingBottom": 11,
        "paddingLeft": 12,
        "paddingRight": 12,
        "paddingTop": 11,
      },
      Object {
        "backgroundColor": "#00694e",
      },
      undefined,
    ]
  }
>
  <TextInput
    allowFontScaling={true}
    numberOfLines={1}
    onChangeText={[Function]}
    placeholder="Enter text"
    placeholderTextColor="#4B5563"
    rejectResponderTermination={true}
    style={
      Array [
        Object {
          "color": "#666666",
          "flex": 1,
          "fontFamily": "Inter-Regular",
          "fontSize": 25,
          "padding": 0,
        },
        Object {
          "color": "#111827",
        },
        undefined,
      ]
    }
    testID="SEARCH"
    underlineColorAndroid="transparent"
    value=""
  />
</View>
`;
