// Jest Snapshot v1, https://goo.gl/fbAQLP

exports[`snapshot testing 1`] = `
<View
  style={
    Array [
      Object {
        "alignItems": "stretch",
        "borderRadius": 6,
        "borderStyle": "solid",
        "color": "#666666",
        "flex": 1,
        "flexDirection": "row",
        "justifyContent": "center",
      },
      undefined,
    ]
  }
>
  <TextInput
    allowFontScaling={true}
    editable={true}
    multiline={false}
    onChangeText={[Function]}
    placeholderTextColor="#979797"
    rejectResponderTermination={true}
    secureTextEntry={false}
    style={
      Array [
        Object {
          "color": "#666666",
          "flex": 1,
          "fontFamily": "Inter-Regular",
          "fontSize": 5,
          "paddingBottom": 10,
          "paddingHorizontal": 12,
          "paddingTop": 10,
          "textAlignVertical": "top",
        },
        undefined,
        Object {},
      ]
    }
    testID="InputField"
    textAlignVertical="center"
    underlineColorAndroid="transparent"
  />
</View>
`;
