// Jest Snapshot v1, https://goo.gl/fbAQLP

exports[`snapshot testing 1`] = `
<View
  style={
    Array [
      Object {
        "borderRadius": 5,
        "borderStyle": "solid",
        "color": "#666666",
        "flex": 1,
        "flexDirection": "row",
        "fontSize": 19.651456310679613,
        "height": 42,
        "justifyContent": "center",
        "paddingLeft": 18.139805825242718,
        "paddingRight": 18.139805825242718,
      },
      undefined,
    ]
  }
>
  <TextInput
    allowFontScaling={true}
    editable={true}
    multiline={false}
    onChangeText={[Function]}
    placeholderTextColor="#979797"
    rejectResponderTermination={true}
    secureTextEntry={false}
    style={
      Array [
        Object {
          "color": "#666666",
          "flex": 1,
          "fontFamily": "Inter-Regular",
        },
        undefined,
      ]
    }
    testID="InputField"
    textAlignVertical="center"
    underlineColorAndroid="transparent"
  />
</View>
`;
